============================= test session starts =============================
platform win32 -- Python 3.14.3, pytest-9.0.3, pluggy-1.6.0 -- D:\py one\python.exe
cachedir: .pytest_cache
rootdir: c:\Users\longhuihai\CodeBuddy\20260430210042\������~1\selfheal
configfile: pytest.ini
plugins: anyio-4.13.0, asyncio-1.3.0
asyncio: mode=Mode.STRICT, debug=False, asyncio_default_fixture_loop_scope=None, asyncio_default_test_loop_scope=function
collecting ... collected 40 items

tests/test_applier.py::TestPatchApplier::test_apply_replacement PASSED   [  2%]
tests/test_applier.py::TestPatchApplier::test_backup_created PASSED      [  5%]
tests/test_applier.py::TestPatchApplier::test_rollback PASSED            [  7%]
tests/test_applier.py::TestPatchApplier::test_apply_no_target PASSED     [ 10%]
tests/test_applier.py::TestPatchApplier::test_apply_missing_file PASSED  [ 12%]
tests/test_applier.py::TestPatchApplier::test_apply_empty_patch PASSED   [ 15%]
tests/test_applier.py::TestPatchApplier::test_extract_code_from_markdown PASSED [ 17%]
tests/test_applier.py::TestPatchApplier::test_is_unified_diff PASSED     [ 20%]
tests/test_applier.py::TestPatchApplier::test_get_backup_path PASSED     [ 22%]
tests/test_core.py::TestEvents::test_test_failure_event_creation PASSED  [ 25%]
tests/test_core.py::TestEvents::test_test_failure_event_to_dict PASSED   [ 27%]
tests/test_core.py::TestEvents::test_classification_event_creation PASSED [ 30%]
tests/test_core.py::TestEvents::test_patch_event_creation PASSED         [ 32%]
tests/test_core.py::TestRuleClassifier::test_classifier_creation PASSED  [ 35%]
tests/test_core.py::TestRuleClassifier::test_classify_assertion_error PASSED [ 37%]
tests/test_core.py::TestRuleClassifier::test_classify_import_error PASSED [ 40%]
tests/test_core.py::TestRuleClassifier::test_classify_timeout_error PASSED [ 42%]
tests/test_core.py::TestRuleClassifier::test_classify_unknown_error PASSED [ 45%]
tests/test_core.py::TestConfig::test_default_config PASSED               [ 47%]
tests/test_core.py::TestConfig::test_watcher_config PASSED               [ 50%]
tests/test_engine.py::TestSelfHealEngine::test_engine_creation PASSED    [ 52%]
tests/test_engine.py::TestSelfHealEngine::test_process_failure_flow PASSED [ 55%]
tests/test_engine.py::TestSelfHealEngine::test_engine_shutdown PASSED    [ 57%]
tests/test_engine.py::TestEngineIntegration::test_full_pipeline_with_mocked_components PASSED [ 60%]
tests/test_engine_full.py::TestEngineRetry::test_retry_on_failed_validation PASSED [ 62%]
tests/test_engine_full.py::TestEngineRetry::test_stop_retry_on_pass PASSED [ 65%]
tests/test_engine_full.py::TestEngineRetry::test_target_file_resolution PASSED [ 67%]
tests/test_engine_full.py::TestEngineRetry::test_target_file_resolution_unknown PASSED [ 70%]
tests/test_engine_full.py::TestEngineRetry::test_process_batch PASSED    [ 72%]
tests/test_metrics.py::TestMetricsCollector::test_initial_state PASSED   [ 75%]
tests/test_metrics.py::TestMetricsCollector::test_record_failure PASSED  [ 77%]
tests/test_metrics.py::TestMetricsCollector::test_record_retry PASSED    [ 80%]
tests/test_metrics.py::TestMetricsCollector::test_record_classification PASSED [ 82%]
tests/test_metrics.py::TestMetricsCollector::test_fix_rate PASSED        [ 85%]
tests/test_metrics.py::TestMetricsCollector::test_avg_validation_time PASSED [ 87%]
tests/test_metrics.py::TestMetricsCollector::test_avg_pipeline_time PASSED [ 90%]
tests/test_metrics.py::TestMetricsCollector::test_summary PASSED         [ 92%]
tests/test_metrics.py::TestMetricsCollector::test_format_report PASSED   [ 95%]
tests/test_metrics.py::TestMetricsCollector::test_reset PASSED           [ 97%]
tests/test_metrics.py::TestMetricsCollector::test_uptime PASSED          [100%]

============================= 40 passed in 7.31s ==============================

